20:41:46.594 [main] INFO  org.testng.internal.Utils {36} - [Utils] MethodGroupsHelper.collectMethodsByGroup() took 0 ms.
20:41:46.608 [main] INFO  org.testng.internal.Utils {36} - [Utils] MethodGroupsHelper.sortMethods() took 1 ms.
20:41:46.611 [main] INFO  org.testng.internal.Utils {36} - [Utils] MethodGroupsHelper.collectMethodsByGroup() took 0 ms.
20:41:46.611 [main] INFO  org.testng.internal.Utils {36} - [Utils] MethodGroupsHelper.sortMethods() took 0 ms.
20:41:46.612 [main] INFO  org.testng.internal.Utils {36} - [Utils] MethodGroupsHelper.collectMethodsByGroup() took 0 ms.
20:41:46.612 [main] INFO  org.testng.internal.Utils {36} - [Utils] MethodGroupsHelper.sortMethods() took 0 ms.
20:41:46.613 [main] INFO  org.testng.internal.Utils {36} - [Utils] MethodGroupsHelper.collectMethodsByGroup() took 0 ms.
20:41:46.613 [main] INFO  org.testng.internal.Utils {36} - [Utils] MethodGroupsHelper.sortMethods() took 0 ms.
20:41:46.629 [main] INFO  org.testng.internal.Utils {36} - [Utils] MethodGroupsHelper.collectMethodsByGroup() took 13 ms.
20:41:46.640 [main] INFO  org.testng.internal.Utils {36} - [Utils] MethodGroupsHelper.sortMethods() took 9 ms.
20:41:46.644 [main] INFO  org.testng.internal.Utils {36} - [Utils] MethodGroupsHelper.collectMethodsByGroup() took 1 ms.
20:41:46.645 [main] INFO  org.testng.internal.Utils {36} - [Utils] MethodGroupsHelper.sortMethods() took 0 ms.
20:41:46.646 [main] INFO  org.testng.internal.Utils {36} - [Utils] MethodGroupsHelper.collectMethodsByGroup() took 0 ms.
20:41:46.647 [main] INFO  org.testng.internal.Utils {36} - [Utils] MethodGroupsHelper.sortMethods() took 0 ms.
20:41:46.647 [main] INFO  org.testng.internal.Utils {36} - [Utils] MethodGroupsHelper.collectMethodsByGroup() took 0 ms.
20:41:46.647 [main] INFO  org.testng.internal.Utils {36} - [Utils] MethodGroupsHelper.sortMethods() took 0 ms.
20:41:46.649 [main] INFO  org.testng.internal.Utils {36} - [Utils] MethodGroupsHelper.collectMethodsByGroup() took 0 ms.
20:41:46.650 [main] INFO  org.testng.internal.Utils {36} - [Utils] MethodGroupsHelper.sortMethods() took 0 ms.
20:41:46.650 [main] INFO  org.testng.internal.Utils {36} - [Utils] MethodGroupsHelper.collectMethodsByGroup() took 0 ms.
20:41:46.650 [main] INFO  org.testng.internal.Utils {36} - [Utils] MethodGroupsHelper.sortMethods() took 0 ms.
20:41:46.654 [main] INFO  org.testng.internal.Utils {36} - [Utils] MethodGroupsHelper.collectMethodsByGroup() took 0 ms.
20:41:46.654 [main] INFO  org.testng.internal.Utils {36} - [Utils] MethodGroupsHelper.sortMethods() took 0 ms.
20:41:46.654 [main] INFO  org.testng.internal.Utils {36} - [Utils] MethodGroupsHelper.collectMethodsByGroup() took 0 ms.
20:41:46.654 [main] INFO  org.testng.internal.Utils {36} - [Utils] MethodGroupsHelper.sortMethods() took 0 ms.
20:41:46.655 [main] INFO  org.testng.internal.Utils {36} - [Utils] MethodGroupsHelper.collectMethodsByGroup() took 0 ms.
20:41:46.656 [main] INFO  org.testng.internal.Utils {36} - [Utils] MethodGroupsHelper.sortMethods() took 0 ms.
20:41:46.657 [main] INFO  org.testng.internal.Utils {36} - [Utils] MethodGroupsHelper.collectMethodsByGroup() took 0 ms.
20:41:46.658 [main] INFO  org.testng.internal.Utils {36} - [Utils] MethodGroupsHelper.sortMethods() took 0 ms.
20:41:46.658 [main] INFO  org.testng.internal.Utils {36} - [Utils] MethodGroupsHelper.collectMethodsByGroup() took 0 ms.
20:41:46.658 [main] INFO  org.testng.internal.Utils {36} - [Utils] MethodGroupsHelper.sortMethods() took 0 ms.
20:41:46.667 [main] INFO  org.testng.internal.Utils {36} - [TestNG] Running:
  C:\Users\BHARATH\AppData\Local\Temp\testng-eclipse-1263971190\testng-customsuite.xml

20:41:46.688 [main] INFO  org.testng.internal.Utils {36} - [Utils] DynamicGraphHelper.createDynamicGraph() took 6 ms.
20:41:49.466 [main] INFO  testCases.TC001_AccountRegistrationTest {36} - ******Starting TC001_AccountRegistrationTest***
20:41:50.147 [main] INFO  testCases.TC001_AccountRegistrationTest {36} - ******Clicked on Mhyaccount link***
20:41:50.502 [main] INFO  testCases.TC001_AccountRegistrationTest {36} - ******Clicked on register link***
20:41:50.516 [main] INFO  testCases.TC001_AccountRegistrationTest {36} - ******Providigng cust detail***
20:41:52.333 [main] INFO  testCases.TC001_AccountRegistrationTest {36} - ******Validating Expected message***
20:41:52.421 [main] INFO  testCases.TC001_AccountRegistrationTest {36} - ******Test Executed***
20:41:52.972 [main] INFO  org.testng.internal.Utils {36} - [TestNG] Time taken by org.testng.reporters.jq.Main@4912d525: 84 ms
20:41:52.974 [main] INFO  org.testng.internal.Utils {36} - [TestNG] Time taken by org.testng.reporters.FailedReporter@151335cb: 2 ms
20:41:52.985 [main] INFO  org.testng.internal.Utils {36} - [TestNG] Time taken by org.testng.reporters.XMLReporter@1603dc2f: 10 ms
20:41:52.990 [main] INFO  org.testng.internal.Utils {36} - [TestNG] Time taken by org.testng.reporters.EmailableReporter2@f8f56b9: 4 ms
20:41:52.995 [main] INFO  org.testng.internal.Utils {36} - [TestNG] Time taken by org.testng.reporters.JUnitReportReporter@49dbaaf3: 5 ms
